******************************************************************************
                  TI ARM Linker PC v20.2.4                     
******************************************************************************
>> Linked Mon May 15 21:36:20 2023

OUTPUT FILE NAME:   <hello.out>
ENTRY POINT SYMBOL: "_c_int00_noargs"  address: 00000899


MEMORY CONFIGURATION

         name            origin    length      used     unused   attr    fill
----------------------  --------  ---------  --------  --------  ----  --------
  FLASH                 00000000   00040000  000009b6  0003f64a  R  X
  SRAM                  20000000   00008000  00000205  00007dfb  RW X


SEGMENT ALLOCATION MAP

run origin  load origin   length   init length attrs members
----------  ----------- ---------- ----------- ----- -------
00000000    00000000    000009b8   000009b8    r-x
  00000000    00000000    0000026c   0000026c    r-- .intvecs
  0000026c    0000026c    000006ae   000006ae    r-x .text
  0000091c    0000091c    00000084   00000084    r-- .const
  000009a0    000009a0    00000018   00000018    r-- .cinit
20000000    20000000    00000205   00000000    rw-
  20000000    20000000    00000200   00000000    rw- .stack
  20000200    20000200    00000005   00000000    rw- .data


SECTION ALLOCATION MAP

 output                                  attributes/
section   page    origin      length       input sections
--------  ----  ----------  ----------   ----------------
.intvecs   0    00000000    0000026c     
                  00000000    0000026c     startup_ccs.obj (.intvecs)

.text      0    0000026c    000006ae     
                  0000026c    000001ee     uartstdio.obj (.text:UARTvprintf)
                  0000045a    00000002     startup_ccs.obj (.text:FaultISR)
                  0000045c    00000118     driverlib.lib : sysctl.obj (.text:SysCtlClockGet)
                  00000574    0000009c     rtsv7M4_T_le_v4SPD16_eabi.lib : memcpy_t2.asm.obj (.text)
                  00000610    00000088     hello.obj (.text:main)
                  00000698    00000068     rtsv7M4_T_le_v4SPD16_eabi.lib : copy_decompress_lzss.c.obj (.text:decompress:lzss:__TI_decompress_lzss)
                  00000700    00000064     hello.obj (.text:ConfigureUART)
                  00000764    00000060     uartstdio.obj (.text:UARTStdioConfig)
                  000007c4    00000050     uartstdio.obj (.text:UARTwrite)
                  00000814    00000044     rtsv7M4_T_le_v4SPD16_eabi.lib : autoinit.c.obj (.text:__TI_auto_init_nobinit_nopinit:__TI_auto_init_nobinit_nopinit)
                  00000858    00000040                                   : u_divt2.asm.obj (.text)
                  00000898    00000034                                   : boot_cortex_m.c.obj (.text:_c_int00_noargs:_c_int00_noargs)
                  000008cc    0000001a     uartstdio.obj (.text:UARTprintf)
                  000008e6    0000000e     rtsv7M4_T_le_v4SPD16_eabi.lib : copy_decompress_none.c.obj (.text:decompress:none:__TI_decompress_none)
                  000008f4    00000006     driverlib.lib : gpio.obj (.text:GPIOPinWrite)
                  000008fa    00000006     startup_ccs.obj (.text:ResetISR)
                  00000900    00000006     driverlib.lib : sysctl.obj (.text:SysCtlDelay)
                  00000906    00000006                   : uart.obj (.text:UARTClockSourceSet)
                  0000090c    00000004     rtsv7M4_T_le_v4SPD16_eabi.lib : pre_init.c.obj (.text:_system_pre_init)
                  00000910    00000004                                   : exit.c.obj (.text:abort:abort)
                  00000914    00000002     startup_ccs.obj (.text:IntDefaultHandler)
                  00000916    00000002     startup_ccs.obj (.text:NmiSR)
                  00000918    00000002     rtsv7M4_T_le_v4SPD16_eabi.lib : div0.asm.obj (.text)

.const     0    0000091c    00000084     
                  0000091c    0000006c     driverlib.lib : sysctl.obj (.const:g_pui32Xtals)
                  00000988    0000000c     uartstdio.obj (.const:g_ui32UARTBase)
                  00000994    0000000c     uartstdio.obj (.const:g_ui32UARTPeriph)

.cinit     0    000009a0    00000018     
                  000009a0    00000008     (__TI_handler_table)
                  000009a8    00000007     (.cinit..data.load) [load image, compression = lzss]
                  000009af    00000001     --HOLE-- [fill = 0]
                  000009b0    00000008     (__TI_cinit_table)

.init_array 
*          0    00000000    00000000     UNINITIALIZED

.data      0    20000200    00000005     UNINITIALIZED
                  20000200    00000005     uartstdio.obj (.data)

.stack     0    20000000    00000200     UNINITIALIZED
                  20000000    00000004     rtsv7M4_T_le_v4SPD16_eabi.lib : boot_cortex_m.c.obj (.stack)
                  20000004    000001fc     --HOLE--

__llvm_prf_cnts 
*          0    20000000    00000000     UNINITIALIZED

.binit     0    00000000    00000000     

MODULE SUMMARY

       Module                       code   ro data   rw data
       ------                       ----   -------   -------
    .\
       startup_ccs.obj              12     620       0      
       hello.obj                    236    0         0      
    +--+----------------------------+------+---------+---------+
       Total:                       248    620       0      
                                                            
    .\utils\
       uartstdio.obj                696    24        5      
    +--+----------------------------+------+---------+---------+
       Total:                       696    24        5      
                                                            
    C:/ti/TivaWare_C_Series-2.2.0.295/driverlib/ccs/Debug/driverlib.lib
       sysctl.obj                   286    108       0      
       gpio.obj                     6      0         0      
       uart.obj                     6      0         0      
    +--+----------------------------+------+---------+---------+
       Total:                       298    108       0      
                                                            
    C:\ti\ti-cgt-arm_20.2.4.LTS\lib\rtsv7M4_T_le_v4SPD16_eabi.lib
       memcpy_t2.asm.obj            156    0         0      
       copy_decompress_lzss.c.obj   104    0         0      
       autoinit.c.obj               68     0         0      
       u_divt2.asm.obj              64     0         0      
       boot_cortex_m.c.obj          52     0         0      
       copy_decompress_none.c.obj   14     0         0      
       exit.c.obj                   4      0         0      
       pre_init.c.obj               4      0         0      
       div0.asm.obj                 2      0         0      
    +--+----------------------------+------+---------+---------+
       Total:                       468    0         0      
                                                            
       Stack:                       0      0         512    
       Linker Generated:            0      23        0      
    +--+----------------------------+------+---------+---------+
       Grand Total:                 1710   775       517    


LINKER GENERATED COPY TABLES

__TI_cinit_table @ 000009b0 records: 1, size/record: 8, table size: 8
	.data: load addr=000009a8, load size=00000007 bytes, run addr=20000200, run size=00000005 bytes, compression=lzss


LINKER GENERATED HANDLER TABLE

__TI_handler_table @ 000009a0 records: 2, size/record: 4, table size: 8
	index: 0, handler: __TI_decompress_lzss
	index: 1, handler: __TI_decompress_none


GLOBAL SYMBOLS: SORTED ALPHABETICALLY BY Name 

address   name                          
-------   ----                          
00000911  C$$EXIT                       
00000701  ConfigureUART                 
000008f5  GPIOPinWrite                  
000008fb  ResetISR                      
0000045d  SysCtlClockGet                
00000901  SysCtlDelay                   
00000907  UARTClockSourceSet            
00000765  UARTStdioConfig               
000008cd  UARTprintf                    
0000026d  UARTvprintf                   
000007c5  UARTwrite                     
20000200  __STACK_END                   
00000200  __STACK_SIZE                  
20000200  __STACK_TOP                   
000009b0  __TI_CINIT_Base               
000009b8  __TI_CINIT_Limit              
000009a0  __TI_Handler_Table_Base       
000009a8  __TI_Handler_Table_Limit      
00000815  __TI_auto_init_nobinit_nopinit
00000699  __TI_decompress_lzss          
000008e7  __TI_decompress_none          
ffffffff  __TI_pprof_out_hndl           
ffffffff  __TI_prof_data_size           
ffffffff  __TI_prof_data_start          
00000000  __TI_static_base__            
00000919  __aeabi_idiv0                 
00000919  __aeabi_ldiv0                 
00000575  __aeabi_memcpy                
00000575  __aeabi_memcpy4               
00000575  __aeabi_memcpy8               
00000859  __aeabi_uidiv                 
00000859  __aeabi_uidivmod              
ffffffff  __binit__                     
ffffffff  __c_args__                    
UNDEFED   __mpu_init                    
20000000  __stack                       
20000000  __start___llvm_prf_cnts       
20000000  __stop___llvm_prf_cnts        
00000899  _c_int00_noargs               
UNDEFED   _system_post_cinit            
0000090d  _system_pre_init              
00000911  abort                         
ffffffff  binit                         
00000000  g_pfnVectors                  
00000611  main                          
00000575  memcpy                        


GLOBAL SYMBOLS: SORTED BY Symbol Address 

address   name                          
-------   ----                          
00000000  __TI_static_base__            
00000000  g_pfnVectors                  
00000200  __STACK_SIZE                  
0000026d  UARTvprintf                   
0000045d  SysCtlClockGet                
00000575  __aeabi_memcpy                
00000575  __aeabi_memcpy4               
00000575  __aeabi_memcpy8               
00000575  memcpy                        
00000611  main                          
00000699  __TI_decompress_lzss          
00000701  ConfigureUART                 
00000765  UARTStdioConfig               
000007c5  UARTwrite                     
00000815  __TI_auto_init_nobinit_nopinit
00000859  __aeabi_uidiv                 
00000859  __aeabi_uidivmod              
00000899  _c_int00_noargs               
000008cd  UARTprintf                    
000008e7  __TI_decompress_none          
000008f5  GPIOPinWrite                  
000008fb  ResetISR                      
00000901  SysCtlDelay                   
00000907  UARTClockSourceSet            
0000090d  _system_pre_init              
00000911  C$$EXIT                       
00000911  abort                         
00000919  __aeabi_idiv0                 
00000919  __aeabi_ldiv0                 
000009a0  __TI_Handler_Table_Base       
000009a8  __TI_Handler_Table_Limit      
000009b0  __TI_CINIT_Base               
000009b8  __TI_CINIT_Limit              
20000000  __stack                       
20000000  __start___llvm_prf_cnts       
20000000  __stop___llvm_prf_cnts        
20000200  __STACK_END                   
20000200  __STACK_TOP                   
ffffffff  __TI_pprof_out_hndl           
ffffffff  __TI_prof_data_size           
ffffffff  __TI_prof_data_start          
ffffffff  __binit__                     
ffffffff  __c_args__                    
ffffffff  binit                         
UNDEFED   __mpu_init                    
UNDEFED   _system_post_cinit            

[46 symbols]
